[  0%] Built target std_msgs_generate_messages_py
[  0%] Built target sensor_msgs_generate_messages_py
[  0%] Built target geometry_msgs_generate_messages_cpp
[  0%] Built target geometry_msgs_generate_messages_py
[  0%] Built target sensor_msgs_generate_messages_cpp
[  0%] Built target geometry_msgs_generate_messages_eus
[  0%] Built target std_msgs_generate_messages_cpp
[  0%] Built target std_msgs_generate_messages_eus
[  0%] Built target geometry_msgs_generate_messages_lisp
[  0%] Built target std_msgs_generate_messages_lisp
[  0%] Built target sensor_msgs_generate_messages_eus
[  0%] Built target geometry_msgs_generate_messages_nodejs
[  0%] Built target sensor_msgs_generate_messages_lisp
[  0%] Built target sensor_msgs_generate_messages_nodejs
[  0%] Built target std_msgs_generate_messages_nodejs
[  0%] Built target _wild_visual_navigation_msgs_generate_messages_check_deps_CustomState
[  0%] Built target _wild_visual_navigation_msgs_generate_messages_check_deps_SaveCheckpoint
[  0%] Built target _wild_visual_navigation_msgs_generate_messages_check_deps_RobotState
[  0%] Built target _wild_visual_navigation_msgs_generate_messages_check_deps_ImageFeatures
[  0%] Built target _wild_visual_navigation_msgs_generate_messages_check_deps_LoadCheckpoint
[  0%] Built target _wild_visual_navigation_msgs_generate_messages_check_deps_SystemState
[ 15%] [1m[34mGenerating C++ code from wild_visual_navigation_msgs/CustomState.msg[0m
[ 15%] [1m[34mGenerating Python from MSG wild_visual_navigation_msgs/RobotState[0m
[ 15%] [1m[34mGenerating EusLisp code from wild_visual_navigation_msgs/RobotState.msg[0m
[ 15%] [1m[34mGenerating Javascript code from wild_visual_navigation_msgs/CustomState.msg[0m
[ 15%] [1m[34mGenerating EusLisp code from wild_visual_navigation_msgs/SystemState.msg[0m
[ 21%] [1m[34mGenerating C++ code from wild_visual_navigation_msgs/SystemState.msg[0m
[ 27%] [1m[34mGenerating Lisp code from wild_visual_navigation_msgs/RobotState.msg[0m
[ 30%] [1m[34mGenerating EusLisp code from wild_visual_navigation_msgs/CustomState.msg[0m
[ 30%] [1m[34mGenerating C++ code from wild_visual_navigation_msgs/RobotState.msg[0m
[ 33%] [1m[34mGenerating Javascript code from wild_visual_navigation_msgs/RobotState.msg[0m
[ 33%] [1m[34mGenerating Lisp code from wild_visual_navigation_msgs/CustomState.msg[0m
[ 36%] [1m[34mGenerating Python from MSG wild_visual_navigation_msgs/CustomState[0m
[ 39%] [1m[34mGenerating EusLisp code from wild_visual_navigation_msgs/ImageFeatures.msg[0m
[ 42%] [1m[34mGenerating Python from MSG wild_visual_navigation_msgs/SystemState[0m
[ 45%] [1m[34mGenerating Lisp code from wild_visual_navigation_msgs/SystemState.msg[0m
[ 48%] [1m[34mGenerating Javascript code from wild_visual_navigation_msgs/SystemState.msg[0m
[ 51%] [1m[34mGenerating C++ code from wild_visual_navigation_msgs/ImageFeatures.msg[0m
[ 54%] [1m[34mGenerating EusLisp code from wild_visual_navigation_msgs/SaveCheckpoint.srv[0m
[ 57%] [1m[34mGenerating C++ code from wild_visual_navigation_msgs/SaveCheckpoint.srv[0m
[ 60%] [1m[34mGenerating EusLisp code from wild_visual_navigation_msgs/LoadCheckpoint.srv[0m
[ 63%] [1m[34mGenerating Python from MSG wild_visual_navigation_msgs/ImageFeatures[0m
[ 66%] [1m[34mGenerating Python code from SRV wild_visual_navigation_msgs/SaveCheckpoint[0m
[ 69%] [1m[34mGenerating EusLisp manifest code for wild_visual_navigation_msgs[0m
[ 72%] [1m[34mGenerating Lisp code from wild_visual_navigation_msgs/ImageFeatures.msg[0m
[ 75%] [1m[34mGenerating Python code from SRV wild_visual_navigation_msgs/LoadCheckpoint[0m
[ 78%] [1m[34mGenerating Javascript code from wild_visual_navigation_msgs/ImageFeatures.msg[0m
[ 81%] [1m[34mGenerating Javascript code from wild_visual_navigation_msgs/SaveCheckpoint.srv[0m
[ 87%] [1m[34mGenerating Lisp code from wild_visual_navigation_msgs/SaveCheckpoint.srv[0m
[ 87%] [1m[34mGenerating Javascript code from wild_visual_navigation_msgs/LoadCheckpoint.srv[0m
[ 90%] [1m[34mGenerating C++ code from wild_visual_navigation_msgs/LoadCheckpoint.srv[0m
[ 93%] [1m[34mGenerating Lisp code from wild_visual_navigation_msgs/LoadCheckpoint.srv[0m
[ 93%] Built target wild_visual_navigation_msgs_generate_messages_nodejs
[ 93%] Built target wild_visual_navigation_msgs_generate_messages_lisp
[ 96%] [1m[34mGenerating Python msg __init__.py for wild_visual_navigation_msgs[0m
[100%] [1m[34mGenerating Python srv __init__.py for wild_visual_navigation_msgs[0m
[100%] Built target wild_visual_navigation_msgs_generate_messages_cpp
[100%] Built target wild_visual_navigation_msgs_generate_messages_py
[100%] Built target wild_visual_navigation_msgs_generate_messages_eus
[100%] Built target wild_visual_navigation_msgs_generate_messages
