Symlinking /home/airlagx1/elevation_tests/wvn_git/devel/lib/pkgconfig/wild_visual_navigation_msgs.pc
Symlinking /home/airlagx1/elevation_tests/wvn_git/devel/lib/python3.12/site-packages/wild_visual_navigation_msgs/__init__.py
Symlinking /home/airlagx1/elevation_tests/wvn_git/devel/lib/python3.12/site-packages/wild_visual_navigation_msgs/msg/_SystemState.py
Symlinking /home/airlagx1/elevation_tests/wvn_git/devel/lib/python3.12/site-packages/wild_visual_navigation_msgs/msg/_CustomState.py
Symlinking /home/airlagx1/elevation_tests/wvn_git/devel/lib/python3.12/site-packages/wild_visual_navigation_msgs/msg/__init__.py
Symlinking /home/airlagx1/elevation_tests/wvn_git/devel/lib/python3.12/site-packages/wild_visual_navigation_msgs/msg/_RobotState.py
Symlinking /home/airlagx1/elevation_tests/wvn_git/devel/lib/python3.12/site-packages/wild_visual_navigation_msgs/msg/_ImageFeatures.py
Symlinking /home/airlagx1/elevation_tests/wvn_git/devel/lib/python3.12/site-packages/wild_visual_navigation_msgs/srv/__init__.py
Symlinking /home/airlagx1/elevation_tests/wvn_git/devel/lib/python3.12/site-packages/wild_visual_navigation_msgs/srv/_LoadCheckpoint.py
Symlinking /home/airlagx1/elevation_tests/wvn_git/devel/lib/python3.12/site-packages/wild_visual_navigation_msgs/srv/_SaveCheckpoint.py
Symlinking /home/airlagx1/elevation_tests/wvn_git/devel/include/wild_visual_navigation_msgs/ImageFeatures.h
Symlinking /home/airlagx1/elevation_tests/wvn_git/devel/include/wild_visual_navigation_msgs/SaveCheckpoint.h
Symlinking /home/airlagx1/elevation_tests/wvn_git/devel/include/wild_visual_navigation_msgs/CustomState.h
Symlinking /home/airlagx1/elevation_tests/wvn_git/devel/include/wild_visual_navigation_msgs/RobotState.h
Symlinking /home/airlagx1/elevation_tests/wvn_git/devel/include/wild_visual_navigation_msgs/LoadCheckpoint.h
Symlinking /home/airlagx1/elevation_tests/wvn_git/devel/include/wild_visual_navigation_msgs/LoadCheckpointRequest.h
Symlinking /home/airlagx1/elevation_tests/wvn_git/devel/include/wild_visual_navigation_msgs/SystemState.h
Symlinking /home/airlagx1/elevation_tests/wvn_git/devel/include/wild_visual_navigation_msgs/LoadCheckpointResponse.h
Symlinking /home/airlagx1/elevation_tests/wvn_git/devel/include/wild_visual_navigation_msgs/SaveCheckpointResponse.h
Symlinking /home/airlagx1/elevation_tests/wvn_git/devel/include/wild_visual_navigation_msgs/SaveCheckpointRequest.h
Symlinking /home/airlagx1/elevation_tests/wvn_git/devel/share/wild_visual_navigation_msgs/cmake/wild_visual_navigation_msgs-msg-paths.cmake
Symlinking /home/airlagx1/elevation_tests/wvn_git/devel/share/wild_visual_navigation_msgs/cmake/wild_visual_navigation_msgsConfig.cmake
Symlinking /home/airlagx1/elevation_tests/wvn_git/devel/share/wild_visual_navigation_msgs/cmake/wild_visual_navigation_msgsConfig-version.cmake
Symlinking /home/airlagx1/elevation_tests/wvn_git/devel/share/wild_visual_navigation_msgs/cmake/wild_visual_navigation_msgs-msg-extras.cmake
Symlinking /home/airlagx1/elevation_tests/wvn_git/devel/share/common-lisp/ros/wild_visual_navigation_msgs/msg/ImageFeatures.lisp
Symlinking /home/airlagx1/elevation_tests/wvn_git/devel/share/common-lisp/ros/wild_visual_navigation_msgs/msg/wild_visual_navigation_msgs-msg.asd
Symlinking /home/airlagx1/elevation_tests/wvn_git/devel/share/common-lisp/ros/wild_visual_navigation_msgs/msg/_package_CustomState.lisp
Symlinking /home/airlagx1/elevation_tests/wvn_git/devel/share/common-lisp/ros/wild_visual_navigation_msgs/msg/_package_RobotState.lisp
Symlinking /home/airlagx1/elevation_tests/wvn_git/devel/share/common-lisp/ros/wild_visual_navigation_msgs/msg/SystemState.lisp
Symlinking /home/airlagx1/elevation_tests/wvn_git/devel/share/common-lisp/ros/wild_visual_navigation_msgs/msg/_package.lisp
Symlinking /home/airlagx1/elevation_tests/wvn_git/devel/share/common-lisp/ros/wild_visual_navigation_msgs/msg/RobotState.lisp
Symlinking /home/airlagx1/elevation_tests/wvn_git/devel/share/common-lisp/ros/wild_visual_navigation_msgs/msg/_package_ImageFeatures.lisp
Symlinking /home/airlagx1/elevation_tests/wvn_git/devel/share/common-lisp/ros/wild_visual_navigation_msgs/msg/CustomState.lisp
Symlinking /home/airlagx1/elevation_tests/wvn_git/devel/share/common-lisp/ros/wild_visual_navigation_msgs/msg/_package_SystemState.lisp
Symlinking /home/airlagx1/elevation_tests/wvn_git/devel/share/common-lisp/ros/wild_visual_navigation_msgs/srv/SaveCheckpoint.lisp
Symlinking /home/airlagx1/elevation_tests/wvn_git/devel/share/common-lisp/ros/wild_visual_navigation_msgs/srv/LoadCheckpoint.lisp
Symlinking /home/airlagx1/elevation_tests/wvn_git/devel/share/common-lisp/ros/wild_visual_navigation_msgs/srv/_package_LoadCheckpoint.lisp
Symlinking /home/airlagx1/elevation_tests/wvn_git/devel/share/common-lisp/ros/wild_visual_navigation_msgs/srv/wild_visual_navigation_msgs-srv.asd
Symlinking /home/airlagx1/elevation_tests/wvn_git/devel/share/common-lisp/ros/wild_visual_navigation_msgs/srv/_package.lisp
Symlinking /home/airlagx1/elevation_tests/wvn_git/devel/share/common-lisp/ros/wild_visual_navigation_msgs/srv/_package_SaveCheckpoint.lisp
Symlinking /home/airlagx1/elevation_tests/wvn_git/devel/share/roseus/ros/wild_visual_navigation_msgs/manifest.l
Symlinking /home/airlagx1/elevation_tests/wvn_git/devel/share/roseus/ros/wild_visual_navigation_msgs/msg/RobotState.l
Symlinking /home/airlagx1/elevation_tests/wvn_git/devel/share/roseus/ros/wild_visual_navigation_msgs/msg/SystemState.l
Symlinking /home/airlagx1/elevation_tests/wvn_git/devel/share/roseus/ros/wild_visual_navigation_msgs/msg/ImageFeatures.l
Symlinking /home/airlagx1/elevation_tests/wvn_git/devel/share/roseus/ros/wild_visual_navigation_msgs/msg/CustomState.l
Symlinking /home/airlagx1/elevation_tests/wvn_git/devel/share/roseus/ros/wild_visual_navigation_msgs/srv/LoadCheckpoint.l
Symlinking /home/airlagx1/elevation_tests/wvn_git/devel/share/roseus/ros/wild_visual_navigation_msgs/srv/SaveCheckpoint.l
Symlinking /home/airlagx1/elevation_tests/wvn_git/devel/share/gennodejs/ros/wild_visual_navigation_msgs/_index.js
Symlinking /home/airlagx1/elevation_tests/wvn_git/devel/share/gennodejs/ros/wild_visual_navigation_msgs/msg/RobotState.js
Symlinking /home/airlagx1/elevation_tests/wvn_git/devel/share/gennodejs/ros/wild_visual_navigation_msgs/msg/CustomState.js
Symlinking /home/airlagx1/elevation_tests/wvn_git/devel/share/gennodejs/ros/wild_visual_navigation_msgs/msg/_index.js
Symlinking /home/airlagx1/elevation_tests/wvn_git/devel/share/gennodejs/ros/wild_visual_navigation_msgs/msg/SystemState.js
Symlinking /home/airlagx1/elevation_tests/wvn_git/devel/share/gennodejs/ros/wild_visual_navigation_msgs/msg/ImageFeatures.js
Symlinking /home/airlagx1/elevation_tests/wvn_git/devel/share/gennodejs/ros/wild_visual_navigation_msgs/srv/LoadCheckpoint.js
Symlinking /home/airlagx1/elevation_tests/wvn_git/devel/share/gennodejs/ros/wild_visual_navigation_msgs/srv/_index.js
Symlinking /home/airlagx1/elevation_tests/wvn_git/devel/share/gennodejs/ros/wild_visual_navigation_msgs/srv/SaveCheckpoint.js
